Command Line Arguments: ".\TestFiles\MatchedVersions" /inc:AV,b

.\TestFiles\MatchedVersions\Proj1\AssemblyInfo.cs
Replacing:
    [assembly: AssemblyVersion("1.0.0.1")]
with
    [assembly: AssemblyVersion("1.0.1.0")]
.\TestFiles\MatchedVersions\Proj2\AssemblyInfo.cs
Replacing:
    [assembly: AssemblyVersion("1.0.0.1")]
with
    [assembly: AssemblyVersion("1.0.1.0")]
.\TestFiles\MatchedVersions\Proj3\AssemblyInfo.cs
Replacing:
    [assembly: AssemblyVersion("1.0.0.1")]
with
    [assembly: AssemblyVersion("1.0.1.0")]
.\TestFiles\MatchedVersions\AssemblyInfo.cs
Replacing:
    [assembly: AssemblyVersion("1.0.0.1")]
with
    [assembly: AssemblyVersion("1.0.1.0")]

File Versions after run:
    .\TestFiles\MatchedVersions\Proj1\AssemblyInfo.cs
        [assembly: AssemblyVersion("1.0.1.0")]
        [assembly: AssemblyFileVersion("1.0.0.0")]
    .\TestFiles\MatchedVersions\Proj2\AssemblyInfo.cs
        [assembly: AssemblyVersion("1.0.1.0")]
        [assembly: AssemblyFileVersion("1.0.0.0")]
    .\TestFiles\MatchedVersions\Proj3\AssemblyInfo.cs
        [assembly: AssemblyVersion("1.0.1.0")]
        [assembly: AssemblyFileVersion("1.0.0.0")]
    .\TestFiles\MatchedVersions\AssemblyInfo.cs
        [assembly: AssemblyVersion("1.0.1.0")]
