Command Line Arguments: ".\TestFiles\MatchedVersions" /IV:anything /env:variable

.\TestFiles\MatchedVersions\Proj1\AssemblyInfo.cs
Adding:
    [assembly: AssemblyInformationalVersion("anything")]
.\TestFiles\MatchedVersions\Proj2\AssemblyInfo.cs
Adding:
    [assembly: AssemblyInformationalVersion("anything")]
.\TestFiles\MatchedVersions\Proj3\AssemblyInfo.cs
Adding:
    [assembly: AssemblyInformationalVersion("anything")]
.\TestFiles\MatchedVersions\AssemblyInfo.cs
Adding:
    [assembly: AssemblyInformationalVersion("anything")]

Environment variable: variable = anything

File Versions after run:
    .\TestFiles\MatchedVersions\Proj1\AssemblyInfo.cs
        [assembly: AssemblyVersion("1.0.0.0")]
        [assembly: AssemblyFileVersion("1.0.0.0")]
        [assembly: AssemblyInformationalVersion("anything")]
    .\TestFiles\MatchedVersions\Proj2\AssemblyInfo.cs
        [assembly: AssemblyVersion("1.0.0.0")]
        [assembly: AssemblyFileVersion("1.0.0.0")]
        [assembly: AssemblyInformationalVersion("anything")]
    .\TestFiles\MatchedVersions\Proj3\AssemblyInfo.cs
        [assembly: AssemblyVersion("1.0.0.0")]
        [assembly: AssemblyFileVersion("1.0.0.0")]
        [assembly: AssemblyInformationalVersion("anything")]
    .\TestFiles\MatchedVersions\AssemblyInfo.cs
        [assembly: AssemblyInformationalVersion("anything")]
