Command Line Arguments: ".\TestFiles\NonUniqueVersions" /IV:InfoTest1.0 /D

.\TestFiles\NonUniqueVersions\Proj1\AssemblyInfo.cs
Adding:
    [assembly: AssemblyInformationalVersion("InfoTest1.0")]
.\TestFiles\NonUniqueVersions\Proj2\AssemblyInfo.cs
Replacing:
    [assembly: AssemblyInformationalVersion("info 1")]
with
    [assembly: AssemblyInformationalVersion("InfoTest1.0")]
.\TestFiles\NonUniqueVersions\Proj3\AssemblyInfo.cs
Adding:
    [assembly: AssemblyInformationalVersion("InfoTest1.0")]
.\TestFiles\NonUniqueVersions\AssemblyInfo.cs
Adding:
    [assembly: AssemblyInformationalVersion("InfoTest1.0")]

File Versions after run:
    .\TestFiles\NonUniqueVersions\Proj1\AssemblyInfo.cs
        [assembly: AssemblyVersion("1.1.1.0")]
        [assembly: AssemblyFileVersion("2.1.1.0")]
    .\TestFiles\NonUniqueVersions\Proj2\AssemblyInfo.cs
        [assembly: AssemblyVersion("1.1.2.0")]
        [assembly: AssemblyFileVersion("1.1.2.0")]
        [assembly: AssemblyInformationalVersion("info 1")]
    .\TestFiles\NonUniqueVersions\Proj3\AssemblyInfo.cs
        [assembly: AssemblyVersion("1.1.3.0")]
        [assembly: AssemblyFileVersion("1.1.3.0")]
    .\TestFiles\NonUniqueVersions\AssemblyInfo.cs
        [assembly: AssemblyVersion("1.1.0.0")]
        [assembly: AssemblyFileVersion("1.1.0.0")]
