Command Line Arguments: ".\TestFiles\NonUniqueVersions" /FV:2.3.4.5

.\TestFiles\NonUniqueVersions\Proj1\AssemblyInfo.cs
Replacing:
    [assembly: AssemblyFileVersion("2.1.1.0")]
with
    [assembly: AssemblyFileVersion("2.3.4.5")]
.\TestFiles\NonUniqueVersions\Proj2\AssemblyInfo.cs
Replacing:
    [assembly: AssemblyFileVersion("1.1.2.0")]
with
    [assembly: AssemblyFileVersion("2.3.4.5")]
.\TestFiles\NonUniqueVersions\Proj3\AssemblyInfo.cs
Replacing:
    [assembly: AssemblyFileVersion("1.1.3.0")]
with
    [assembly: AssemblyFileVersion("2.3.4.5")]
.\TestFiles\NonUniqueVersions\AssemblyInfo.cs
Replacing:
    [assembly: AssemblyFileVersion("1.1.0.0")]
with
    [assembly: AssemblyFileVersion("2.3.4.5")]

File Versions after run:
    .\TestFiles\NonUniqueVersions\Proj1\AssemblyInfo.cs
        [assembly: AssemblyVersion("1.1.1.0")]
        [assembly: AssemblyFileVersion("2.3.4.5")]
    .\TestFiles\NonUniqueVersions\Proj2\AssemblyInfo.cs
        [assembly: AssemblyVersion("1.1.2.0")]
        [assembly: AssemblyFileVersion("2.3.4.5")]
        [assembly: AssemblyInformationalVersion("info 1")]
    .\TestFiles\NonUniqueVersions\Proj3\AssemblyInfo.cs
        [assembly: AssemblyVersion("1.1.3.0")]
        [assembly: AssemblyFileVersion("2.3.4.5")]
    .\TestFiles\NonUniqueVersions\AssemblyInfo.cs
        [assembly: AssemblyVersion("1.1.0.0")]
        [assembly: AssemblyFileVersion("2.3.4.5")]
