Command Line Arguments: ".\TestFiles\MatchedVersions" /inc:fv,r /env:variable /D

.\TestFiles\MatchedVersions\Proj1\AssemblyInfo.cs
Replacing:
    [assembly: AssemblyFileVersion("1.0.0.0")]
with
    [assembly: AssemblyFileVersion("1.0.0.1")]
.\TestFiles\MatchedVersions\Proj2\AssemblyInfo.cs
Replacing:
    [assembly: AssemblyFileVersion("1.0.0.0")]
with
    [assembly: AssemblyFileVersion("1.0.0.1")]
.\TestFiles\MatchedVersions\Proj3\AssemblyInfo.cs
Replacing:
    [assembly: AssemblyFileVersion("1.0.0.0")]
with
    [assembly: AssemblyFileVersion("1.0.0.1")]
.\TestFiles\MatchedVersions\AssemblyInfo.cs
Adding:
    [assembly: AssemblyFileVersion("1.0.0.1")]

Environment variable: variable = 1.0.0.1

File Versions after run:
    .\TestFiles\MatchedVersions\Proj1\AssemblyInfo.cs
        [assembly: AssemblyVersion("1.0.0.0")]
        [assembly: AssemblyFileVersion("1.0.0.0")]
    .\TestFiles\MatchedVersions\Proj2\AssemblyInfo.cs
        [assembly: AssemblyVersion("1.0.0.0")]
        [assembly: AssemblyFileVersion("1.0.0.0")]
    .\TestFiles\MatchedVersions\Proj3\AssemblyInfo.cs
        [assembly: AssemblyVersion("1.0.0.0")]
        [assembly: AssemblyFileVersion("1.0.0.0")]
    .\TestFiles\MatchedVersions\AssemblyInfo.cs
