Command Line Arguments: ".\TestFiles\NonUniqueVersions"/FV:1.0.0.0 /AV:1.0.0.0 /env:variable

The /env option is not valid when setting multiple version numbers.

SetCsprojVer is a simple tool to update the version number in AssemblyInfo.cs
files in a project tree.
A project folder should be supplied, and this will scanned for AssemblyInfo.cs
files. Each file found will be edited to select the appropriate version number.

Usage: SetCsprojVer <projectfolder> [options]

Parameters:

projectfolder  The base folder for the scan.

Options:

/AV      Set the AssemblyVersion to the specified value. This must be a 4 part
         version number, if specified. e.g. /AV:1.0.0.0
/FV      Set the AssemblyFileVersion to the specified value. This must be a 4
         part version number, if specified. e.g. /FV:1.0.0.0
/IV      Set the AssemblyInformationalVersion to the specified value. e.g.
         "/IV:1.0 beta"
/inc     Increment a component of either the AssemblyVersion (AV) or the
         AssemblyFileVersion (FV). The component incremented is either the build
         (b) or revision (r). 
         Specify [AV|FV],[B|R], e.g. /inc:av,b
/env     Set an environment variable to the version number set. This may not be
         specified if more than one of the /AV, /FV, or /IV options are
         specified. If the /inc option is specified, the environment variable
         will receive the result of the increment. In a dry run, the environment
         variable will still be set. e.g. /env:variable
/dryrun  Perform a dry run. No updates will be made. e.g. /dryrun or /D


File Versions after run:
    .\TestFiles\NonUniqueVersions\Proj1\AssemblyInfo.cs
        [assembly: AssemblyVersion("1.1.1.0")]
        [assembly: AssemblyFileVersion("1.1.1.0")]
    .\TestFiles\NonUniqueVersions\Proj2\AssemblyInfo.cs
        [assembly: AssemblyVersion("1.1.2.0")]
        [assembly: AssemblyFileVersion("1.1.2.0")]
        [assembly: AssemblyInformationalVersion("info 1")]
    .\TestFiles\NonUniqueVersions\Proj3\AssemblyInfo.cs
        [assembly: AssemblyVersion("1.1.3.0")]
        [assembly: AssemblyFileVersion("1.1.3.0")]
    .\TestFiles\NonUniqueVersions\AssemblyInfo.cs
        [assembly: AssemblyVersion("1.1.0.0")]
        [assembly: AssemblyFileVersion("1.1.0.0")]
