Command Line Arguments: ".\TestFiles\NonUniqueVersions" /get:iv

AssemblyInformationalVersion = info 1

File Versions after run:
    .\TestFiles\NonUniqueVersions\Proj1\AssemblyInfo.cs
        [assembly: AssemblyVersion("1.1.1.0")]
        [assembly: AssemblyFileVersion("2.1.1.0")]
    .\TestFiles\NonUniqueVersions\Proj2\AssemblyInfo.cs
        [assembly: AssemblyVersion("1.1.2.0")]
        [assembly: AssemblyFileVersion("1.1.2.0")]
        [assembly: AssemblyInformationalVersion("info 1")]
    .\TestFiles\NonUniqueVersions\Proj3\AssemblyInfo.cs
        [assembly: AssemblyVersion("1.1.3.0")]
        [assembly: AssemblyFileVersion("1.1.3.0")]
    .\TestFiles\NonUniqueVersions\AssemblyInfo.cs
        [assembly: AssemblyVersion("1.1.0.0")]
        [assembly: AssemblyFileVersion("1.1.0.0")]
