Command Line Arguments: ".\TestFiles\MatchedVersions" /FV:1.0.0.2 /get:fv

Get cannot be combined with other options.

SetCsprojVer is a simple tool to update the version number in AssemblyInfo.cs
files in a project tree.
A project folder should be supplied, and this will scanned for AssemblyInfo.cs
files. Each file found will be edited to select the appropriate version number.

Usage: SetCsprojVer <projectfolder> [options]

Parameters:

projectfolder  The base folder for the scan.

Options:

/AV      Set the AssemblyVersion to the specified value. This must be a 4 part
         version number, if specified. e.g. /AV:1.0.0.0
/FV      Set the AssemblyFileVersion to the specified value. This must be a 4
         part version number, if specified. e.g. /FV:1.0.0.0
/IV      Set the AssemblyInformationalVersion to the specified value. e.g.
         "/IV:1.0 beta"
/inc     Increment a component of either the AssemblyVersion (AV) or the
         AssemblyFileVersion (FV). The component incremented is either the build
         (b) or revision (r). 
         Specify [AV|FV],[B|R], e.g. /inc:av,b
/env     Set an environment variable to the version number set. This may not be
         specified if more than one of the /AV, /FV, or /IV options are
         specified. If the /inc option is specified, the environment variable
         will receive the result of the increment. In a dry run, the environment
         variable will still be set. e.g. /env:variable
/Report  Report the version numbers defined in the AssemblyInfo.cs files found
         in the project tree. This option may not be combined with any others.
/Get     Retrieve a the first version number defined in the AssemblyInfo.cs
         files for either the AssemblyVersion (AV), the AssemblyFileVersion (FV)
         or the AssemblyInformationalVersion (IV). This option may not be
         combined with options that change a version number, or the report
         option. If the Env option is also used, the discovered version number
         will be placed in an environment variable. e.g. /get:av
/dryrun  Perform a dry run. No updates will be made. e.g. /dryrun or /D


File Versions after run:
    .\TestFiles\MatchedVersions\Proj1\AssemblyInfo.cs
        [assembly: AssemblyVersion("1.0.0.0")]
        [assembly: AssemblyFileVersion("1.0.0.0")]
    .\TestFiles\MatchedVersions\Proj2\AssemblyInfo.cs
        [assembly: AssemblyVersion("1.0.0.0")]
        [assembly: AssemblyFileVersion("1.0.0.0")]
    .\TestFiles\MatchedVersions\Proj3\AssemblyInfo.cs
        [assembly: AssemblyVersion("1.0.0.0")]
        [assembly: AssemblyFileVersion("1.0.0.0")]
    .\TestFiles\MatchedVersions\AssemblyInfo.cs
